// Jest Snapshot v1, https://goo.gl/fbAQLP

exports[`TimerButton component snapshot should create snapshot 1`] = `undefined`;

exports[`Todo component snapshot should create snapshot 1`] = `undefined`;
