// Jest Snapshot v1, https://goo.gl/fbAQLP

exports[`App component snapshot should create snapshot 1`] = `undefined`;

exports[`TimerButton component snapshot should create snapshot 1`] = `undefined`;
